You passed the wrong number of expressions (2) to a channel-send that expects 1 arguments.
At least one type error in expr-list in [5:4..16]
ERROR: at least one error in CHP body.
