object "WTF" not found, ERROR!  [5:5..7]
At least one error in expr-list at [5:4..8]
ERROR: at least one error in CHP body.
