Fang add support for NULL lvalues!
At least one error in inst-ref-list at [7:6..7]
ERROR in one of the actions in [7:1..9]
ERROR: at least one error in CHP body.
