Detected overlap in the sparse collection for blah, precisely: [7..7].  ERROR!  [4:5..8]
