class new[] operator
class delete[] operator
class new[] operator
