int main(int, char**)
bar::bar()
static void bar::greet()
void bar::hello() const
bar::~bar()
