========= testing ring_node<string> =========
Hello.

Goodbye.
Hello.

Hello.
Goodbye.

Yoo-hoo.
Goodbye.
Hello.

Goodbye.
Hello.
Yoo-hoo.

Hello.
Yoo-hoo.
Goodbye.

Yoo-hoo.
Hello.

Hello.
Yoo-hoo.

Yoo-hoo.
Hello.

Hello.
Yoo-hoo.

Goodbye.
Durhhhh...

Durhhhh...
Goodbye.

Yoo-hoo.
Durhhhh...
Goodbye.
Hello.

Durhhhh...
Goodbye.
Hello.
Yoo-hoo.

Goodbye.
Hello.
Yoo-hoo.
Durhhhh...

Hello.
Yoo-hoo.
Durhhhh...
Goodbye.

Hello.
Yoo-hoo.
Durhhhh...
Goodbye.

Yoo-hoo.
Hello.

Hello.
Yoo-hoo.

===== testing ring_node_derived<string> =====
Hello.

Goodbye.
Hello.

Hello.
Goodbye.

Yoo-hoo.
Goodbye.
Hello.

Goodbye.
Hello.
Yoo-hoo.

Hello.
Yoo-hoo.
Goodbye.

Yoo-hoo.
Hello.

Hello.
Yoo-hoo.

Yoo-hoo.
Hello.

Hello.
Yoo-hoo.

Goodbye.
Durhhhh...

Durhhhh...
Goodbye.

Yoo-hoo.
Durhhhh...
Goodbye.
Hello.

Durhhhh...
Goodbye.
Hello.
Yoo-hoo.

Goodbye.
Hello.
Yoo-hoo.
Durhhhh...

Hello.
Yoo-hoo.
Durhhhh...
Goodbye.

Hello.
Yoo-hoo.
Durhhhh...
Goodbye.

Yoo-hoo.
Hello.

Hello.
Yoo-hoo.

