ERROR: expression at [21:8] does not reference a bool.
ERROR building PRS-expr at [21:8]
