Error: instance management statements are forbidden in non-global namespaces outside definitions.
To allow them, pass -f namespace-instances to the compiler.
got: x = y;
From: "050.hac"
