Error: instance management statements are forbidden in non-global namespaces outside definitions.
To allow them, pass -f namespace-instances to the compiler.
got: bar = 3;
From: "056.hac"
