Identifier `inverter' already taken by entity::namespace
ERROR: Failed to add definition! [7:1..34]
