object N not found, ERROR!
Error resolving expression [12:19]
