At: "026.hac":6:
parse error: syntax error
parser stacks:
state	value
#STATE#	list<(root_item)>: ... [5:1..6]
#STATE#	} [6:1]
in state #STATE#, possible rules are:
	$accept : module . $end  (#RULE#)
acceptable tokens are: 
