Error: template parameter is required but missing at position 1. 
ERROR: failed to make process_type_reference because template argument types do not match.
ERROR making complete type reference.  [7:1..7]
