ERROR: type redeclaration of collection car does not match in strictness to the original declaration.
[8:8..10]
