ERROR: The following referenced indices of "p" have definitely not been instantiated: {
[1]
} [12:3]
