Number of port actuals (3) doesn't match the number of port formals (4).  ERROR!  
At least one error in port connection of (portaproc<> p)
HALT: at least one error in port connection list.  [11:3..11]
