Error in port actuals, argument 1 is not a physical instance.  [7:8]
ERROR in object_list produced at [7:7..12]
