object "buh" not found, ERROR!  [9:10..12]
ERROR: at least one error in PRS body.
