parse error: syntax error
parser stacks:
state	value
0	(null) 
34	keyword: defproc [3:1..7]
112	identifier: inv [3:9..11]
181	list<(port-formal-decl)>: (port-formal-decl) ... [3:12..22]
254	{ [3:24]
292	keyword: prs [4:1..3]
214	{ [4:5]
271	~ [5:2]
333	~ [5:3]
in state 333, possible rules are:
	prs_not : '~' . prs_unary_expr  (197)
acceptable tokens are: 
	'(' (shift)
	ID (shift)
	SCOPE (shift)
